#-----------------------------------------------------------
# Vivado v2024.1 (64-bit)
# SW Build 5076996 on Wed May 22 18:37:14 MDT 2024
# IP Build 5075265 on Wed May 22 21:45:21 MDT 2024
# SharedData Build 5076995 on Wed May 22 18:29:18 MDT 2024
# Start of session at: Thu Nov 14 19:35:48 2024
# Process ID: 10372
# Current directory: C:/Users/admin/OneDrive/Desktop/cadd-record/bgc/bgc.runs/synth_1
# Command line: vivado.exe -log bgc.vds -product Vivado -mode batch -messageDb vivado.pb -notrace -source bgc.tcl
# Log file: C:/Users/admin/OneDrive/Desktop/cadd-record/bgc/bgc.runs/synth_1/bgc.vds
# Journal file: C:/Users/admin/OneDrive/Desktop/cadd-record/bgc/bgc.runs/synth_1\vivado.jou
# Running On        :Diyaa
# Platform          :Windows Server 2016 or Windows 10
# Operating System  :22631
# Processor Detail  :Intel(R) Core(TM) i3-1005G1 CPU @ 1.20GHz
# CPU Frequency     :1190 MHz
# CPU Physical cores:2
# CPU Logical cores :4
# Host memory       :8355 MB
# Swap memory       :7622 MB
# Total Virtual     :15977 MB
# Available Virtual :5583 MB
#-----------------------------------------------------------
source bgc.tcl -notrace
